Tools / addComponents nested selectors / css / 0: |-
  .card.compact .card-body {
    font-size: .875rem;
    line-height: 1.25rem;
    padding: 1rem;
  }
Tools / addComponents order / css / 0: |-
  [data-theme=dark] {
    --p: 259 94% 61%;
  }
  @media (prefers-color-scheme:dark) {
    :root {
      --p: 259 94% 61%;
    }
  }
  [data-theme=light] {
    --p: 259 94% 51%;
  }
Tools / addComponents with attribute selectors / css / 0: |-
  btn-disabled, .btn[disabled] {
    --ns-bg-opacity: 1;
    --ns-bg-opacity: 0.2;
    background-color: hsla(var(--n,219 14% 28%)/var(--ns-bg-opacity));
    --ns-border-opacity: 0;
    --ns-text-opacity: 1;
    --ns-text-opacity: 0.2;
    color: hsla(var(--bc,215 28% 17%)/var(--ns-text-opacity));
  }
Tools / variants not cleared when plugin loaded / css / 0: |-
  .variant .variant\:text-black {
    --ns-text-opacity: 1;
    color: rgba(0, 0, 0, var(--ns-text-opacity));
  }
